// Jest Snapshot v1, https://goo.gl/fbAQLP

exports[`Pruebas en CounterApp Debe mostrar <CounterApp /> correctamente (valores por defecto) + snapshot 1`] = `
<div
  className="container"
>
  <h1>
     Counter App 
  </h1>
  <h2>
    10
  </h2>
  <button
    onClick={[Function]}
  >
     - 1 
  </button>
  <button
    onClick={[Function]}
  >
     Reset 
  </button>
  <button
    onClick={[Function]}
  >
     + 1 
  </button>
</div>
`;
